map "http://example.org/fhir/StructureMap/location-mapping" = "locmapping" // example.org just as a place holder (will be passed to -ig parameter)

// Meta:
// url = "http://example.org/fhir/StructureMap/location-mapping"
// name = "LocationMapping"
// title = "FML Conversion for CareUnit to Location"
// status = "draft"

uses "http://example.org/fhir/StructureDefinition/CareUnit" alias CareUnit as source
uses "http://hl7.org/fhir/StructureDefinition/Location" alias Location as target

group RootContent(source src : CareUnit, target tgt : Location) {
  src -> tgt.status = "active" "status";
  src.identifier as identifier -> tgt.identifier = create("Identifier") as id, id.value = identifier "identifiers";
  src.title as title -> tgt.name = title "namings";
  src.category as category -> tgt.alias = category "categories";
  src.facility as facility -> tgt as loc then FacilityToType(facility, loc); // FHIR's own terminology (CodeSystem)s does not have a definition for location types (e.g. Clinic), so we use the SNOMED-CT.
  src.description as description -> tgt.description = description "descriptions";
  src.parentOrganization as po -> tgt as loc then ParentOrganizationToManagingOrganization(po, loc);
  src.facility as facility -> tgt as loc then FacilityAddressConvert(facility, loc);
  src.facility as facility -> tgt as loc then FacilityCoordinatesToPosition(facility, loc);
  src.contacts as contacts -> tgt as loc then ContactConvert(contacts, loc);
  src.operationHours as oph -> tgt as loc then OperationHoursConvert(oph, loc);
    
}

group FacilityToType(source src, target tgt : Location) {
  src.facility as facility then {
    facility.label as label -> tgt.type = cc('http://snomed.info/sct','702887001', 'Neurology clinic') "categoryconcept"; // Construct a CodeableConcept model with (<codesystem url>,<code>,<display>) 
  } "c0"; 
}

group ParentOrganizationToManagingOrganization(source src, target tgt : Location) {
  src.parentOrganization -> tgt.managingOrganization = create("Reference") as mo then {
    src.parentOrganization as po -> mo.reference = po.id "refrences"; 
    src.parentOrganization as po -> mo.display = po.name "displays";
  } "c1";
}

group FacilityAddressConvert(source src, target tgt : Location) {
  src.facility as facility then {  
    facility.addressDetail as adrsd -> tgt.address = create("Address") as adrs then {
      adrsd.street as street -> adrs.line = street "addresses"; // street is a list and is directly passed
      adrsd.locality as locality -> adrs.city = locality "cities";
      adrsd.region as region -> adrs.district = region "regions";
      adrsd.postalCode as postalcode -> adrs.postalCode = postalcode "postalcodes";
      adrsd.nation as nation -> adrs.country = nation "countries";
    } "c2";
  } "c3";
}

group FacilityCoordinatesToPosition(source src, target tgt : Location) {
  src.facility as facility then {
    facility.coordinates as coordinates -> tgt.position = create("BackboneElement") as position then { 
      coordinates.latitude as latitude -> position.latitude = latitude "latitudes"; 
      coordinates.longitude as longitude -> position.longitude = longitude "longitudes";
    } "c4";
  } "c5"; 
}

group ContactConvert(source src, target tgt: Location) { // Only the telecom field (type ContactPoint) of ExtendedContactDetail will be filled.
  src.contacts as c -> tgt.contact = create("ExtendedContactDetail") as extcd, extcd.telecom = create("ContactPoint") as cp then {
    c.medium as medium -> cp.system = medium "systems";
    c.details as details -> cp.value = details "details";
    c.usage as usage -> cp.use = usage "usage";
  } "c6";
}

group OperationHoursConvert(source src, target tgt: Location) {
  src.operationHours as oph -> tgt.hoursOfOperation = create("Availability") as avl, avl.availableTime = create("Availability.availableTime") as availableTime then {
    oph.days as days -> availableTime.daysOfWeek = days "opendays";
    oph.openTime as opentime -> availableTime.availableStartTime = opentime "opentimes";
    oph.closeTime as closetime -> availableTime.availableEndTime = closetime "closetimes";
  } "c7";
}
